<?xml version="1.0" encoding="UTF-8"?>
<testsuites name="jest tests" tests="1" failures="0" time="1.331">
  <testsuite name="src/__tests__/index.tsx" errors="0" failures="0" skipped="0" timestamp="2020-05-30T04:13:24" time="1.216" tests="1">
    <testcase classname="React Navigation test" name="Renders" time="0.005">
    </testcase>
  </testsuite>
</testsuites>